app init (Tezos-only)
app init (Tezos-only)
app init (Tezos-only)
app init (Tezos-only)
app init (Tezos-only)
app init (Tezos-only)
app init (Tezos-only)
app init (Tezos-only)
app init (Tezos-only)
Stored session payload for id=81f4a4ef-098f-11f1-bf37-8c554a5286f9: {'associatedAddress': 'tz1YWMr1bQNPgKXf2gUo2LfPXaiDSkxTqFhN', 'accountName': 'Temple Wallet', 'cryptoWalletPayload': 'Verify address owning for Altme : 534881', 'cryptoWalletSignature': 'edsigtuB5BfHari4uUrCfkUTRXCCz1Dy6q2B3YezeE2YviyvZKS1A1wPFfkwUpzSRy2g6qqbMLVXmBRwJ6cFD46Ceb8PLcebCim', 'blockchain': 'tezos'}
Stored session payload for id=dbc8ab0b-0990-11f1-9898-8c554a5286f9: {'associatedAddress': 'tz1YWMr1bQNPgKXf2gUo2LfPXaiDSkxTqFhN', 'accountName': 'Temple Wallet', 'cryptoWalletPayload': 'Verify address owning for Altme : 536105', 'cryptoWalletSignature': 'edsigtpxNZrkbHaz2tQqKGEiYnsAr47qRzCDCwcX6aQoLvNczyvoo13oAVJKwZwRBQ7qEBi2Pfo2mbTVmknFYZUbqTotAycE2FY', 'blockchain': 'tezos'}
Stored session payload for id=99730642-0997-11f1-94ce-8c554a5286f9: {'associatedAddress': 'tz1YWMr1bQNPgKXf2gUo2LfPXaiDSkxTqFhN', 'accountName': 'tezos', 'cryptoWalletPayload': 'Verify address owning for Altme : 909691', 'cryptoWalletSignature': 'edsigtwx4CmUSZLYw8SMAvsjDuLf2eM9m9L7kZdyBJNw4zqRAs1m5fKogMygfTkxdiCXNETXDfpvsiUNgMEGYSDvT5q7fiTCtvT', 'blockchain': 'tezos'}
Stored session payload for id=f82d4288-0997-11f1-a006-8c554a5286f9: {'associatedAddress': 'tz1YWMr1bQNPgKXf2gUo2LfPXaiDSkxTqFhN', 'accountName': 'tezos', 'cryptoWalletPayload': 'Verify address owning for Altme : 239507', 'cryptoWalletSignature': 'edsigu6hjmGooWx3zdxJSTHstDuMXYxSrSbTHrqsfER6ALFNuSmpfiJM2X1t62VfnAkwGSXiXodJheorrqyzceKodcvA2mjHP4m', 'blockchain': 'tezos'}
app init (Tezos-only)
app init (Tezos-only)
app init (Tezos-only)
app init (Tezos-only)
app init (Tezos-only)
app init (Tezos-only)
app init (Tezos-only)
app init (Tezos-only)
app init (Tezos-only)
app init (Tezos-only)
app init (Tezos-only)
app init (Tezos-only)
app init (Tezos-only)
app init (Tezos-only)
app init (Tezos-only)
app init (Tezos-only)
app init (Tezos-only)
app init (Tezos-only)
app init (Tezos-only)
app init (Tezos-only)
app init (Tezos-only)
app init (Tezos-only)
app init (Tezos-only)
app init (Tezos-only)
app init (Tezos-only)
app init (Tezos-only)
app init (Tezos-only)
app init (Tezos-only)
app init (Tezos-only)
app init (Tezos-only)
app init (Tezos-only)
app init (Tezos-only)
app init (Tezos-only)
app init (Tezos-only)
app init (Tezos-only)
app init (Tezos-only)
app init (Tezos-only)
app init (Tezos-only)
app init (Tezos-only)
app init (Tezos-only)
app init (Tezos-only)
app init (Tezos-only)
app init (Tezos-only)
app init (Tezos-only)
app init (Tezos-only)
app init (Tezos-only)
app init (Tezos-only)
app init (Tezos-only)
app init (Tezos-only)
app init (Tezos-only)
app init (Tezos-only)
app init (Tezos-only)
app init (Tezos-only)
app init (Tezos-only)
app init (Tezos-only)
app init (Tezos-only)
app init (Tezos-only)
app init (Tezos-only)
app init (Tezos-only)
app init (Tezos-only)
app init (Tezos-only)
app init (Tezos-only)
app init (Tezos-only)
app init (Tezos-only)
app init (Tezos-only)
app init (Tezos-only)
app init (Tezos-only)
app init (Tezos-only)
app init (Tezos-only)
app init (Tezos-only)
app init (Tezos-only)
app init (Tezos-only)
app init (Tezos-only)
app init (Tezos-only)
app init (Tezos-only)
app init (Tezos-only)
app init (Tezos-only)
app init (Tezos-only)
app init (Tezos-only)
app init (Tezos-only)
app init (Tezos-only)
app init (Tezos-only)
app init (Tezos-only)
app init (Tezos-only)
app init (Tezos-only)
app init (Tezos-only)
app init (Tezos-only)
app init (Tezos-only)
app init (Tezos-only)
app init (Tezos-only)
app init (Tezos-only)
app init (Tezos-only)
app init (Tezos-only)
app init (Tezos-only)
app init (Tezos-only)
app init (Tezos-only)
app init (Tezos-only)
app init (Tezos-only)
app init (Tezos-only)
app init (Tezos-only)
app init (Tezos-only)
app init (Tezos-only)
app init (Tezos-only)
app init (Tezos-only)
app init (Tezos-only)
app init (Tezos-only)
app init (Tezos-only)
app init (Tezos-only)
app init (Tezos-only)
app init (Tezos-only)
app init (Tezos-only)
app init (Tezos-only)
app init (Tezos-only)
app init (Tezos-only)
app init (Tezos-only)
app init (Tezos-only)
app init (Tezos-only)
app init (Tezos-only)
app init (Tezos-only)
app init (Tezos-only)
app init (Tezos-only)
app init (Tezos-only)
app init (Tezos-only)
app init (Tezos-only)
app init (Tezos-only)
app init (Tezos-only)
app init (Tezos-only)
app init (Tezos-only)
app init (Tezos-only)
app init (Tezos-only)
app init (Tezos-only)
app init (Tezos-only)
app init (Tezos-only)
app init (Tezos-only)
app init (Tezos-only)
app init (Tezos-only)
app init (Tezos-only)
app init (Tezos-only)
app init (Tezos-only)
app init (Tezos-only)
app init (Tezos-only)
app init (Tezos-only)
app init (Tezos-only)
app init (Tezos-only)
app init (Tezos-only)
app init (Tezos-only)
app init (Tezos-only)
app init (Tezos-only)
app init (Tezos-only)
app init (Tezos-only)
app init (Tezos-only)
app init (Tezos-only)
app init (Tezos-only)
app init (Tezos-only)
app init (Tezos-only)
app init (Tezos-only)
app init (Tezos-only)
app init (Tezos-only)
app init (Tezos-only)
app init (Tezos-only)
app init (Tezos-only)
app init (Tezos-only)
app init (Tezos-only)
app init (Tezos-only)
app init (Tezos-only)
app init (Tezos-only)
app init (Tezos-only)
app init (Tezos-only)
app init (Tezos-only)
app init (Tezos-only)
app init (Tezos-only)
app init (Tezos-only)
app init (Tezos-only)
app init (Tezos-only)
app init (Tezos-only)
app init (Tezos-only)
app init (Tezos-only)
app init (Tezos-only)
app init (Tezos-only)
app init (Tezos-only)
app init (Tezos-only)
app init (Tezos-only)
app init (Tezos-only)
app init (Tezos-only)
app init (Tezos-only)
app init (Tezos-only)
app init (Tezos-only)
app init (Tezos-only)
app init (Tezos-only)
app init (Tezos-only)
app init (Tezos-only)
app init (Tezos-only)
app init (Tezos-only)
app init (Tezos-only)
app init (Tezos-only)
app init (Tezos-only)
app init (Tezos-only)
app init (Tezos-only)
app init (Tezos-only)
app init (Tezos-only)
app init (Tezos-only)
app init (Tezos-only)
app init (Tezos-only)
app init (Tezos-only)
app init (Tezos-only)
app init (Tezos-only)
app init (Tezos-only)
app init (Tezos-only)
app init (Tezos-only)
app init (Tezos-only)
app init (Tezos-only)
app init (Tezos-only)
app init (Tezos-only)
app init (Tezos-only)
app init (Tezos-only)
app init (Tezos-only)
app init (Tezos-only)
app init (Tezos-only)
app init (Tezos-only)
app init (Tezos-only)
app init (Tezos-only)
app init (Tezos-only)
app init (Tezos-only)
app init (Tezos-only)
app init (Tezos-only)
app init (Tezos-only)
app init (Tezos-only)
app init (Tezos-only)
app init (Tezos-only)
app init (Tezos-only)
app init (Tezos-only)
app init (Tezos-only)
app init (Tezos-only)
app init (Tezos-only)
app init (Tezos-only)
app init (Tezos-only)
app init (Tezos-only)
app init (Tezos-only)
app init (Tezos-only)
app init (Tezos-only)
app init (Tezos-only)
app init (Tezos-only)
app init (Tezos-only)
app init (Tezos-only)
app init (Tezos-only)
app init (Tezos-only)
app init (Tezos-only)
app init (Tezos-only)
app init (Tezos-only)
app init (Tezos-only)
app init (Tezos-only)
app init (Tezos-only)
app init (Tezos-only)
app init (Tezos-only)
app init (Tezos-only)
app init (Tezos-only)
app init (Tezos-only)
app init (Tezos-only)
app init (Tezos-only)
app init (Tezos-only)
app init (Tezos-only)
app init (Tezos-only)
app init (Tezos-only)
app init (Tezos-only)
app init (Tezos-only)
app init (Tezos-only)
app init (Tezos-only)
app init (Tezos-only)
app init (Tezos-only)
app init (Tezos-only)
app init (Tezos-only)
app init (Tezos-only)
app init (Tezos-only)
app init (Tezos-only)
app init (Tezos-only)
app init (Tezos-only)
app init (Tezos-only)
app init (Tezos-only)
app init (Tezos-only)
app init (Tezos-only)
app init (Tezos-only)
app init (Tezos-only)
app init (Tezos-only)
app init (Tezos-only)
app init (Tezos-only)
app init (Tezos-only)
app init (Tezos-only)
app init (Tezos-only)
app init (Tezos-only)
app init (Tezos-only)
app init (Tezos-only)
app init (Tezos-only)
app init (Tezos-only)
app init (Tezos-only)
app init (Tezos-only)
app init (Tezos-only)
app init (Tezos-only)
app init (Tezos-only)
app init (Tezos-only)
app init (Tezos-only)
app init (Tezos-only)
app init (Tezos-only)
Tezos signature validation failed: Signature is invalid.
Traceback (most recent call last):
  File "/home/thierry/wallet-link/venv/lib/python3.12/site-packages/pytezos/crypto/key.py", line 511, in verify
    pysodium.crypto_sign_verify_detached(decoded_signature, digest, self.public_point)
  File "/home/thierry/wallet-link/venv/lib/python3.12/site-packages/pysodium/__init__.py", line 1261, in crypto_sign_verify_detached
    __check(sodium.crypto_sign_verify_detached(sig, msg, ctypes.c_ulonglong(len(msg)), pk))
  File "/home/thierry/wallet-link/venv/lib/python3.12/site-packages/pysodium/__init__.py", line 309, in __check
    raise ValueError
ValueError

The above exception was the direct cause of the following exception:

Traceback (most recent call last):
  File "/home/thierry/wallet-link/routes/home.py", line 198, in validate_sign
    pkh = verify_tezos_signature(pub_key, signature, payload, expected_address)
          ^^^^^^^^^^^^^^^^^^^^^^^^^^^^^^^^^^^^^^^^^^^^^^^^^^^^^^^^^^^^^^^^^^^^^
  File "/home/thierry/wallet-link/routes/home.py", line 122, in verify_tezos_signature
    if not k.verify(signature, payload):
           ^^^^^^^^^^^^^^^^^^^^^^^^^^^^
  File "/home/thierry/wallet-link/venv/lib/python3.12/site-packages/pytezos/crypto/key.py", line 513, in verify
    raise ValueError('Signature is invalid.') from exc
ValueError: Signature is invalid.
Tezos signature validation failed: Signature is invalid.
Traceback (most recent call last):
  File "/home/thierry/wallet-link/venv/lib/python3.12/site-packages/pytezos/crypto/key.py", line 511, in verify
    pysodium.crypto_sign_verify_detached(decoded_signature, digest, self.public_point)
  File "/home/thierry/wallet-link/venv/lib/python3.12/site-packages/pysodium/__init__.py", line 1261, in crypto_sign_verify_detached
    __check(sodium.crypto_sign_verify_detached(sig, msg, ctypes.c_ulonglong(len(msg)), pk))
  File "/home/thierry/wallet-link/venv/lib/python3.12/site-packages/pysodium/__init__.py", line 309, in __check
    raise ValueError
ValueError

The above exception was the direct cause of the following exception:

Traceback (most recent call last):
  File "/home/thierry/wallet-link/routes/home.py", line 198, in validate_sign
    pkh = verify_tezos_signature(pub_key, signature, payload, expected_address)
          ^^^^^^^^^^^^^^^^^^^^^^^^^^^^^^^^^^^^^^^^^^^^^^^^^^^^^^^^^^^^^^^^^^^^^
  File "/home/thierry/wallet-link/routes/home.py", line 122, in verify_tezos_signature
    if not k.verify(signature, payload):
           ^^^^^^^^^^^^^^^^^^^^^^^^^^^^
  File "/home/thierry/wallet-link/venv/lib/python3.12/site-packages/pytezos/crypto/key.py", line 513, in verify
    raise ValueError('Signature is invalid.') from exc
ValueError: Signature is invalid.
Tezos signature validation failed: Signature is invalid.
Traceback (most recent call last):
  File "/home/thierry/wallet-link/venv/lib/python3.12/site-packages/pytezos/crypto/key.py", line 511, in verify
    pysodium.crypto_sign_verify_detached(decoded_signature, digest, self.public_point)
  File "/home/thierry/wallet-link/venv/lib/python3.12/site-packages/pysodium/__init__.py", line 1261, in crypto_sign_verify_detached
    __check(sodium.crypto_sign_verify_detached(sig, msg, ctypes.c_ulonglong(len(msg)), pk))
  File "/home/thierry/wallet-link/venv/lib/python3.12/site-packages/pysodium/__init__.py", line 309, in __check
    raise ValueError
ValueError

The above exception was the direct cause of the following exception:

Traceback (most recent call last):
  File "/home/thierry/wallet-link/routes/home.py", line 198, in validate_sign
    pkh = verify_tezos_signature(pub_key, signature, payload, expected_address)
          ^^^^^^^^^^^^^^^^^^^^^^^^^^^^^^^^^^^^^^^^^^^^^^^^^^^^^^^^^^^^^^^^^^^^^
  File "/home/thierry/wallet-link/routes/home.py", line 122, in verify_tezos_signature
    if not k.verify(signature, payload):
           ^^^^^^^^^^^^^^^^^^^^^^^^^^^^
  File "/home/thierry/wallet-link/venv/lib/python3.12/site-packages/pytezos/crypto/key.py", line 513, in verify
    raise ValueError('Signature is invalid.') from exc
ValueError: Signature is invalid.
Tezos signature validation failed: Signature is invalid.
Traceback (most recent call last):
  File "/home/thierry/wallet-link/venv/lib/python3.12/site-packages/pytezos/crypto/key.py", line 511, in verify
    pysodium.crypto_sign_verify_detached(decoded_signature, digest, self.public_point)
  File "/home/thierry/wallet-link/venv/lib/python3.12/site-packages/pysodium/__init__.py", line 1261, in crypto_sign_verify_detached
    __check(sodium.crypto_sign_verify_detached(sig, msg, ctypes.c_ulonglong(len(msg)), pk))
  File "/home/thierry/wallet-link/venv/lib/python3.12/site-packages/pysodium/__init__.py", line 309, in __check
    raise ValueError
ValueError

The above exception was the direct cause of the following exception:

Traceback (most recent call last):
  File "/home/thierry/wallet-link/routes/home.py", line 198, in validate_sign
    pkh = verify_tezos_signature(pub_key, signature, payload, expected_address)
          ^^^^^^^^^^^^^^^^^^^^^^^^^^^^^^^^^^^^^^^^^^^^^^^^^^^^^^^^^^^^^^^^^^^^^
  File "/home/thierry/wallet-link/routes/home.py", line 122, in verify_tezos_signature
    if not k.verify(signature, payload):
           ^^^^^^^^^^^^^^^^^^^^^^^^^^^^
  File "/home/thierry/wallet-link/venv/lib/python3.12/site-packages/pytezos/crypto/key.py", line 513, in verify
    raise ValueError('Signature is invalid.') from exc
ValueError: Signature is invalid.
app init (Tezos-only)
app init (Tezos-only)
app init (Tezos-only)
app init (Tezos-only)
app init (Tezos-only)
app init (Tezos-only)
app init (Tezos-only)
app init (Tezos-only)
app init (Tezos-only)
app init (Tezos-only)
app init (Tezos-only)
app init (Tezos-only)
app init (Tezos-only)
app init (Tezos-only)
app init (Tezos-only)
app init (Tezos-only)
app init (Tezos-only)
app init (Tezos-only)
app init (Tezos-only)
app init (Tezos-only)
Tezos signature validation failed: name 'expected_address' is not defined
Traceback (most recent call last):
  File "/home/thierry/wallet-link/routes/home.py", line 198, in validate_sign
    pkh = verify_tezos_signature(pub_key, signature, payload_bytes, expected_address)
                                                                    ^^^^^^^^^^^^^^^^
NameError: name 'expected_address' is not defined
Tezos signature validation failed: name 'expected_address' is not defined
Traceback (most recent call last):
  File "/home/thierry/wallet-link/routes/home.py", line 198, in validate_sign
    pkh = verify_tezos_signature(pub_key, signature, payload_bytes, expected_address)
                                                                    ^^^^^^^^^^^^^^^^
NameError: name 'expected_address' is not defined
app init (Tezos-only)
app init (Tezos-only)
app init (Tezos-only)
app init (Tezos-only)
app init (Tezos-only)
app init (Tezos-only)
app init (Tezos-only)
app init (Tezos-only)
app init (Tezos-only)
app init (Tezos-only)
app init (Tezos-only)
app init (Tezos-only)
app init (Tezos-only)
app init (Tezos-only)
app init (Tezos-only)
app init (Tezos-only)
app init (Tezos-only)
app init (Tezos-only)
app init (Tezos-only)
app init (Tezos-only)
app init (Tezos-only)
app init (Tezos-only)
app init (Tezos-only)
app init (Tezos-only)
app init (Tezos-only)
app init (Tezos-only)
app init (Tezos-only)
app init (Tezos-only)
app init (Tezos-only)
app init (Tezos-only)
app init (Tezos-only)
app init (Tezos-only)
app init (Tezos-only)
app init (Tezos-only)
app init (Tezos-only)
app init (Tezos-only)
app init (Tezos-only)
app init (Tezos-only)
app init (Tezos-only)
app init (Tezos-only)
app init (Tezos-only)
app init (Tezos-only)
app init (Tezos-only)
app init (Tezos-only)
app init (Tezos-only)
app init (Tezos-only)
app init (Tezos-only)
app init (Tezos-only)
app init (Tezos-only)
app init (Tezos-only)
app init (Tezos-only)
app init (Tezos-only)
app init (Tezos-only)
app init (Tezos-only)
app init (Tezos-only)
app init (Tezos-only)
app init (Tezos-only)
app init (Tezos-only)
app init (Tezos-only)
app init (Tezos-only)
app init (Tezos-only)
app init (Tezos-only)
app init (Tezos-only)
app init (Tezos-only)
app init (Tezos-only)
app init (Tezos-only)
app init (Tezos-only)
app init (Tezos-only)
app init (Tezos-only)
app init (Tezos-only)
app init (Tezos-only)
app init (Tezos-only)
app init (Tezos-only)
app init (Tezos-only)
app init (Tezos-only)
app init (Tezos-only)
app init (Tezos-only)
app init (Tezos-only)
app init (Tezos-only)
app init (Tezos-only)
app init (Tezos-only)
app init (Tezos-only)
app init (Tezos-only)
app init (Tezos-only)
app init (Tezos-only)
app init (Tezos-only)
app init (Tezos-only)
app init (Tezos-only)
app init (Tezos-only)
app init (Tezos-only)
app init (Tezos-only)
app init (Tezos-only)
app init (Tezos-only)
app init (Tezos-only)
app init (Tezos-only)
app init (Tezos-only)
app init (Tezos-only)
app init (Tezos-only)
app init (Tezos-only)
app init (Tezos-only)
app init (Tezos-only)
app init (Tezos-only)
app init (Tezos-only)
app init (Tezos-only)
app init (Tezos-only)
app init (Tezos-only)
app init (Tezos-only)
app init (Tezos-only)
app init (Tezos-only)
app init (Tezos-only)
app init (Tezos-only)
app init (Tezos-only)
app init (Tezos-only)
app init (Tezos-only)
app init (Tezos-only)
app init (Tezos-only)
app init (Tezos-only)
app init (Tezos-only)
app init (Tezos-only)
app init (Tezos-only)
app init (Tezos-only)
app init (Tezos-only)
app init (Tezos-only)
app init (Tezos-only)
app init (Tezos-only)
app init (Tezos-only)
app init (Tezos-only)
app init (Tezos-only)
app init (Tezos-only)
app init (Tezos-only)
app init (Tezos-only)
app init (Tezos-only)
app init (Tezos-only)
app init (Tezos-only)
app init (Tezos-only)
app init (Tezos-only)
app init (Tezos-only)
app init (Tezos-only)
app init (Tezos-only)
app init (Tezos-only)
app init (Tezos-only)
app init (Tezos-only)
app init (Tezos-only)
app init (Tezos-only)
tick-circle.png not found
tick-circle.png not found
app init (Tezos-only)
app init (Tezos-only)
app init (Tezos-only)
app init (Tezos-only)
app init (Tezos-only)
app init (Tezos-only)
app init (Tezos-only)
app init (Tezos-only)
app init (Tezos-only)
app init (Tezos-only)
app init (Tezos-only)
app init (Tezos-only)
app init (Tezos-only)
app init (Tezos-only)
app init (Tezos-only)
app init (Tezos-only)
app init (Tezos-only)
app init (Tezos-only)
app init (Tezos-only)
app init (Tezos-only)
app init (Tezos-only)
app init (Tezos-only)
app init (Tezos-only)
app init (Tezos-only)
app init (Tezos-only)
app init (Tezos-only)
app init (Tezos-only)
app init (Tezos-only)
app init (Tezos-only)
app init (Tezos-only)
app init (Tezos-only)
app init (Tezos-only)
app init (Tezos-only)
app init (Tezos-only)
app init (Tezos-only)
app init (Tezos-only)
app init (Tezos-only)
app init (Tezos-only)
app init (Tezos-only)
app init (Tezos-only)
app init (Tezos-only)
app init (Tezos-only)
app init (Tezos-only)
app init (Tezos-only)
app init (Tezos-only)
app init (Tezos-only)
app init (Tezos-only)
app init (Tezos-only)
app init (Tezos-only)
app init (Tezos-only)
app init (Tezos-only)
app init (Tezos-only)
app init (Tezos-only)
app init (Tezos-only)
app init (Tezos-only)
app init (Tezos-only)
app init (Tezos-only)
app init (Tezos-only)
app init (Tezos-only)
app init (Tezos-only)
app init (Tezos-only)
app init (Tezos-only)
app init (Tezos-only)
app init (Tezos-only)
app init (Tezos-only)
app init (Tezos-only)
app init (Tezos-only)
app init (Tezos-only)
app init (Tezos-only)
app init (Tezos-only)
app init (Tezos-only)
app init (Tezos-only)
app init (Tezos-only)
app init (Tezos-only)
app init (Tezos-only)
app init (Tezos-only)
app init (Tezos-only)
app init (Tezos-only)
app init (Tezos-only)
app init (Tezos-only)
app init (Tezos-only)
app init (Tezos-only)
app init (Tezos-only)
app init (Tezos-only)
app init (Tezos-only)
app init (Tezos-only)
app init (Tezos-only)
app init (Tezos-only)
app init (Tezos-only)
app init (Tezos-only)
app init (Tezos-only)
app init (Tezos-only)
app init (Tezos-only)
app init (Tezos-only)
app init (Tezos-only)
app init (Tezos-only)
app init (Tezos-only)
app init (Tezos-only)
app init (Tezos-only)
app init (Tezos-only)
app init (Tezos-only)
app init (Tezos-only)
app init (Tezos-only)
app init (Tezos-only)
app init (Tezos-only)
app init (Tezos-only)
app init (Tezos-only)
app init (Tezos-only)
app init (Tezos-only)
app init (Tezos-only)
app init (Tezos-only)
app init (Tezos-only)
app init (Tezos-only)
app init (Tezos-only)
app init (Tezos-only)
app init (Tezos-only)
app init (Tezos-only)
app init (Tezos-only)
app init (Tezos-only)
app init (Tezos-only)
app init (Tezos-only)
app init (Tezos-only)
app init (Tezos-only)
app init (Tezos-only)
app init (Tezos-only)
app init (Tezos-only)
app init (Tezos-only)
app init (Tezos-only)
app init (Tezos-only)
app init (Tezos-only)
app init (Tezos-only)
app init (Tezos-only)
app init (Tezos-only)
app init (Tezos-only)
app init (Tezos-only)
app init (Tezos-only)
app init (Tezos-only)
app init (Tezos-only)
app init (Tezos-only)
app init (Tezos-only)
app init (Tezos-only)
app init (Tezos-only)
app init (Tezos-only)
app init (Tezos-only)
app init (Tezos-only)
app init (Tezos-only)
app init (Tezos-only)
app init (Tezos-only)
app init (Tezos-only)
app init (Tezos-only)
app init (Tezos-only)
app init (Tezos-only)
app init (Tezos-only)
app init (Tezos-only)
app init (Tezos-only)
app init (Tezos-only)
app init (Tezos-only)
app init (Tezos-only)
app init (Tezos-only)
app init (Tezos-only)
app init (Tezos-only)
app init (Tezos-only)
app init (Tezos-only)
app init (Tezos-only)
app init (Tezos-only)
app init (Tezos-only)
app init (Tezos-only)
app init (Tezos-only)
app init (Tezos-only)
app init (Tezos-only)
app init (Tezos-only)
app init (Tezos-only)
app init (Tezos-only)
app init (Tezos-only)
app init (Tezos-only)
app init (Tezos-only)
app init (Tezos-only)
app init (Tezos-only)
app init (Tezos-only)
app init (Tezos-only)
app init (Tezos-only)
app init (Tezos-only)
app init (Tezos-only)
app init (Tezos-only)
app init (Tezos-only)
app init (Tezos-only)
